15:33:36 WARNING  valueinvestor.scorer_improver.ground_truth — Adjusted A-share price coverage is 99.7%
15:33:45 INFO     valueinvestor.scorer_improver.ml_trainer — Resolved auto daily ML training end date -> 2026-01-09
15:33:49 INFO     valueinvestor.scorer_improver.ml_trainer — ML walk-forward filter: 4 folds, 6 validation months/fold
15:33:59 INFO     valueinvestor.scorer_improver.ml_trainer — ML candidate search target=6m targets=target_rank_6m models=pairwise features=core priors=no_ticker_priors lambdas=1,3,10,30,100,300,1000,3000,10000,30000 full_eval_limit=1
15:33:59 INFO     valueinvestor.scorer_improver.ml_trainer — ML strict walk-forward panel target=6m selected=10 configuration_space=10
15:33:59 INFO     valueinvestor.scorer_improver.ml_trainer — ML walk-forward shortlist target=6m selected=10 sample_candidates=10 floor_candidates=10 full_eval_limit=1
15:34:17 INFO     valueinvestor.scorer_improver.ml_trainer — ML walk-forward practical factor candidate template=roe_de_crowding min_rhos={'1w': -0.019827, '1m': 0.015917, '3m': 0.032652, '6m': 0.059971} mean_rhos={'1w': 0.009161, '1m': 0.061564, '3m': 0.081989, '6m': 0.130882} accepted=True
15:34:20 INFO     valueinvestor.scorer_improver.ml_trainer — ML walk-forward application selection factor=None residual=quality_de_crowding weight=0.8
15:34:20 INFO     valueinvestor.scorer_improver.ml_trainer — ML walk-forward accepted target=target_rank_6m lambda=1 model=pairwise features=core priors=no_ticker_priors mean_deltas={'1w': 0.007599, '1m': 0.060012, '3m': 0.072497, '6m': 0.118753} median_deltas={'1w': 0.005888, '1m': 0.063056, '3m': 0.070627, '6m': 0.138238} min_deltas={'1w': -0.02578, '1m': 0.017234, '3m': 0.014901, '6m': 0.027448}
15:34:39 INFO     valueinvestor.scorer_improver.ml_trainer — ML walk-forward practical factor candidate template=roe_de_crowding min_rhos={'1w': -0.019827, '1m': 0.015917, '3m': 0.032652, '6m': 0.059971} mean_rhos={'1w': 0.009161, '1m': 0.061564, '3m': 0.081989, '6m': 0.130882} accepted=True
15:34:41 INFO     valueinvestor.scorer_improver.ml_trainer — ML walk-forward application selection factor=None residual=quality_de_crowding weight=0.8
15:34:41 INFO     valueinvestor.scorer_improver.ml_trainer — ML walk-forward accepted target=target_rank_6m lambda=3 model=pairwise features=core priors=no_ticker_priors mean_deltas={'1w': 0.007609, '1m': 0.060001, '3m': 0.072527, '6m': 0.11877} median_deltas={'1w': 0.005893, '1m': 0.063072, '3m': 0.070666, '6m': 0.138264} min_deltas={'1w': -0.025766, '1m': 0.017179, '3m': 0.014935, '6m': 0.027461}
15:35:00 INFO     valueinvestor.scorer_improver.ml_trainer — ML walk-forward practical factor candidate template=roe_de_crowding min_rhos={'1w': -0.019827, '1m': 0.015917, '3m': 0.032652, '6m': 0.059971} mean_rhos={'1w': 0.009161, '1m': 0.061564, '3m': 0.081989, '6m': 0.130882} accepted=True
15:35:02 INFO     valueinvestor.scorer_improver.ml_trainer — ML walk-forward application selection factor=None residual=quality_de_crowding weight=0.8
15:35:02 INFO     valueinvestor.scorer_improver.ml_trainer — ML walk-forward accepted target=target_rank_6m lambda=10 model=pairwise features=core priors=no_ticker_priors mean_deltas={'1w': 0.007539, '1m': 0.059951, '3m': 0.072536, '6m': 0.118789} median_deltas={'1w': 0.005818, '1m': 0.063038, '3m': 0.070711, '6m': 0.138275} min_deltas={'1w': -0.025778, '1m': 0.017083, '3m': 0.014844, '6m': 0.027432}
15:35:21 INFO     valueinvestor.scorer_improver.ml_trainer — ML walk-forward practical factor candidate template=roe_de_crowding min_rhos={'1w': -0.019827, '1m': 0.015917, '3m': 0.032652, '6m': 0.059971} mean_rhos={'1w': 0.009161, '1m': 0.061564, '3m': 0.081989, '6m': 0.130882} accepted=True
15:35:24 INFO     valueinvestor.scorer_improver.ml_trainer — ML walk-forward application selection factor=None residual=quality_de_crowding weight=0.8
15:35:24 INFO     valueinvestor.scorer_improver.ml_trainer — ML walk-forward accepted target=target_rank_6m lambda=30 model=pairwise features=core priors=no_ticker_priors mean_deltas={'1w': 0.00758, '1m': 0.05998, '3m': 0.072543, '6m': 0.118804} median_deltas={'1w': 0.005905, '1m': 0.063131, '3m': 0.070725, '6m': 0.138308} min_deltas={'1w': -0.02577, '1m': 0.016998, '3m': 0.014771, '6m': 0.027365}
15:35:42 INFO     valueinvestor.scorer_improver.ml_trainer — ML walk-forward practical factor candidate template=roe_de_crowding min_rhos={'1w': -0.019827, '1m': 0.015917, '3m': 0.032652, '6m': 0.059971} mean_rhos={'1w': 0.009161, '1m': 0.061564, '3m': 0.081989, '6m': 0.130882} accepted=True
15:35:45 INFO     valueinvestor.scorer_improver.ml_trainer — ML walk-forward application selection factor=None residual=quality_de_crowding weight=0.8
15:35:45 INFO     valueinvestor.scorer_improver.ml_trainer — ML walk-forward accepted target=target_rank_6m lambda=100 model=pairwise features=core priors=no_ticker_priors mean_deltas={'1w': 0.007534, '1m': 0.059897, '3m': 0.072625, '6m': 0.118935} median_deltas={'1w': 0.005839, '1m': 0.063133, '3m': 0.07082, '6m': 0.138426} min_deltas={'1w': -0.025963, '1m': 0.016785, '3m': 0.014433, '6m': 0.027154}
15:36:03 INFO     valueinvestor.scorer_improver.ml_trainer — ML walk-forward practical factor candidate template=roe_de_crowding min_rhos={'1w': -0.019827, '1m': 0.015917, '3m': 0.032652, '6m': 0.059971} mean_rhos={'1w': 0.009161, '1m': 0.061564, '3m': 0.081989, '6m': 0.130882} accepted=True
15:36:06 INFO     valueinvestor.scorer_improver.ml_trainer — ML walk-forward application selection factor=None residual=quality_de_crowding weight=0.8
15:36:06 INFO     valueinvestor.scorer_improver.ml_trainer — ML walk-forward accepted target=target_rank_6m lambda=300 model=pairwise features=core priors=no_ticker_priors mean_deltas={'1w': 0.00712, '1m': 0.059764, '3m': 0.072637, '6m': 0.119195} median_deltas={'1w': 0.005382, '1m': 0.063206, '3m': 0.071084, '6m': 0.138624} min_deltas={'1w': -0.026335, '1m': 0.016458, '3m': 0.013058, '6m': 0.026418}
15:36:24 INFO     valueinvestor.scorer_improver.ml_trainer — ML walk-forward practical factor candidate template=roe_de_crowding min_rhos={'1w': -0.019827, '1m': 0.015917, '3m': 0.032652, '6m': 0.059971} mean_rhos={'1w': 0.009161, '1m': 0.061564, '3m': 0.081989, '6m': 0.130882} accepted=True
15:36:27 INFO     valueinvestor.scorer_improver.ml_trainer — ML walk-forward application selection factor=None residual=quality_de_crowding weight=0.85
15:36:27 INFO     valueinvestor.scorer_improver.ml_trainer — ML walk-forward accepted target=target_rank_6m lambda=1000 model=pairwise features=core priors=no_ticker_priors mean_deltas={'1w': 0.007884, '1m': 0.057615, '3m': 0.073263, '6m': 0.120429} median_deltas={'1w': 0.008158, '1m': 0.061685, '3m': 0.071958, '6m': 0.138856} min_deltas={'1w': -0.029384, '1m': 0.012836, '3m': 0.008553, '6m': 0.024068}
15:36:46 INFO     valueinvestor.scorer_improver.ml_trainer — ML walk-forward practical factor candidate template=roe_de_crowding min_rhos={'1w': -0.019827, '1m': 0.015917, '3m': 0.032652, '6m': 0.059971} mean_rhos={'1w': 0.009161, '1m': 0.061564, '3m': 0.081989, '6m': 0.130882} accepted=True
15:36:48 INFO     valueinvestor.scorer_improver.ml_trainer — ML walk-forward application selection factor=None residual=quality_de_crowding weight=0.9
15:36:48 INFO     valueinvestor.scorer_improver.ml_trainer — ML walk-forward accepted target=target_rank_6m lambda=3000 model=pairwise features=core priors=no_ticker_priors mean_deltas={'1w': 0.007352, '1m': 0.054416, '3m': 0.071877, '6m': 0.117514} median_deltas={'1w': 0.008684, '1m': 0.059722, '3m': 0.070972, '6m': 0.134364} min_deltas={'1w': -0.032091, '1m': 0.008527, '3m': 0.000851, '6m': 0.015573}
15:37:07 INFO     valueinvestor.scorer_improver.ml_trainer — ML walk-forward practical factor candidate template=roe_de_crowding min_rhos={'1w': -0.019827, '1m': 0.015917, '3m': 0.032652, '6m': 0.059971} mean_rhos={'1w': 0.009161, '1m': 0.061564, '3m': 0.081989, '6m': 0.130882} accepted=True
15:37:09 INFO     valueinvestor.scorer_improver.ml_trainer — ML walk-forward application selection factor=None residual=quality_de_crowding weight=0.95
15:37:09 INFO     valueinvestor.scorer_improver.ml_trainer — ML walk-forward accepted target=target_rank_6m lambda=1e+04 model=pairwise features=core priors=no_ticker_priors mean_deltas={'1w': 0.005201, '1m': 0.049079, '3m': 0.066457, '6m': 0.107135} median_deltas={'1w': 0.005986, '1m': 0.056624, '3m': 0.065792, '6m': 0.12093} min_deltas={'1w': -0.03378, '1m': 0.001354, '3m': -0.010165, '6m': 0.002209}
15:37:28 INFO     valueinvestor.scorer_improver.ml_trainer — ML walk-forward practical factor candidate template=roe_de_crowding min_rhos={'1w': -0.019827, '1m': 0.015917, '3m': 0.032652, '6m': 0.059971} mean_rhos={'1w': 0.009161, '1m': 0.061564, '3m': 0.081989, '6m': 0.130882} accepted=True
15:37:31 INFO     valueinvestor.scorer_improver.ml_trainer — ML walk-forward application selection factor=None residual=quality_de_crowding weight=0.9
15:37:31 INFO     valueinvestor.scorer_improver.ml_trainer — ML walk-forward accepted target=target_rank_6m lambda=3e+04 model=pairwise features=core priors=no_ticker_priors mean_deltas={'1w': 0.001138, '1m': 0.047158, '3m': 0.061225, '6m': 0.093903} median_deltas={'1w': 0.000457, '1m': 0.056287, '3m': 0.060279, '6m': 0.1049} min_deltas={'1w': -0.036658, '1m': -0.000446, '3m': -0.01274, '6m': -0.005292}
15:37:36 INFO     valueinvestor.scorer_improver.ml_trainer — ML full-eval refit target=target_rank_6m lambda=1000 backend=pairwise_numpy model=pairwise features=core priors=no_ticker_priors rows=838979
15:37:42 INFO     valueinvestor.scorer_improver.ml_trainer — ML full-eval target=target_rank_6m lambda=1000 backend=pairwise_numpy model=pairwise features=core priors=no_ticker_priors 6m_rho=0.115424 improvement=293.29%
15:37:42 INFO     valueinvestor.scorer_improver.ml_trainer — ML promotion-gate shortlist target=6m selected=1 full_eval_candidates=1
ML scorer training failed: ML ranker skipped promotion gate because
train/full-eval rho did not meet requested floor: best 6m rho=0.115424, required
6m rho=1.000000
