[2026-06-06T22:03:44+0800] starting 10-round 6m ML scorer training loop
cwd=/Users/chrixbell/Projects/ValueInvestor
run_offset=83
output_model_path=data/trainer/ml_ranker_model.json
goal_train_rho=0.37393298886736176 goal_gate_rho=0.11455549226273046
current_best_before=
{'backend': 'temporal_recent_segment_regime_blend', 'model_kind': 'temporal_recent_segment_regime_blend', 'feature_set': 'temporal_recent_segment_regime', 'target': 'target_rank_weighted_8515', 'prior_strategy': 'temporal_segment', 'cached_metrics_safe': True, 'train_rho_6m': 0.3804684791491019, 'gate_rho_6m': 0.09546291021894206}

[2026-06-06T22:03:47+0800] run=1 rows=1500000 refit_cap=3000000 limit=2 model=segment-ridge-recent features=poly priors=ticker-priors targets=target-rank-weighted-901,target-rank-weighted-8515 lambdas=0.1,0.2,0.3,0.5 folds=0 backend=mlx gate_min_delta=0.00002 gate_max_degradation=0.001 gate_min_utility=0.0 promotion_min_train_rho=0.37393298886736176 promotion_min_gate_rho=0.11455549226273046 top20_excess_guard=1 anchors=auto force_snapshots=no
22:04:04 INFO     valueinvestor.scorer_improver.ml_trainer — ML anchor model blending enabled: data/trainer/ml_ranker_model.backup-1778049459.json,data/trainer/ml_ranker_model.backup-1778049443.json,data/trainer/ml_ranker_model.backup-1778048176.json,data/trainer/ml_ranker_model.backup-1778035872.json,data/trainer/ml_ranker_model.backup-1778022369.json,data/trainer/ml_ranker_model.backup-1778022313.json
22:06:21 INFO     valueinvestor.scorer_improver.ml_trainer — ML gate-scored anchors: data/trainer/ml_ranker_model.backup-1778049443.json=0.179929 | data/trainer/ml_ranker_model.backup-1778035872.json=0.179826 | data/trainer/ml_ranker_model.backup-1778048176.json=0.179719 | data/trainer/ml_ranker_model.backup-1778022313.json=0.179542 | data/trainer/ml_ranker_model.backup-1778022369.json=0.179203 | data/trainer/ml_ranker_model.backup-1778049459.json=0.178938
22:06:43 INFO     valueinvestor.scorer_improver.ml_trainer — ML candidate search target=6m targets=target_rank_weighted_901,target_rank_weighted_8515 models=segment_ridge_recent_730,segment_ridge_recent_1095,segment_ridge_recent_1460,segment_ridge_recent_1825,segment_ridge_recent_2190 features=poly priors=ticker_priors lambdas=0.1,0.2,0.3,0.5 full_eval_limit=2
22:07:08 INFO     valueinvestor.scorer_improver.ml_trainer — MLX ridge conjugate-gradient solve using device=Device(gpu, 0) rows=9021 features=202 steps=256 elapsed=0.15s, active_memory=7.8MB, peak_memory=10.6MB
22:07:27 INFO     valueinvestor.scorer_improver.ml_trainer — ML sample candidate target=target_rank_weighted_901 lambda=0.1 backend=mlx model=segment_ridge_recent_730 features=poly priors=ticker_priors rows=1498695 seed=0 6m_rho=0.379431 improvement=350.45%
22:07:47 INFO     valueinvestor.scorer_improver.ml_trainer — ML sample candidate target=target_rank_weighted_901 lambda=0.1 backend=mlx model=segment_ridge_recent_1095 features=poly priors=ticker_priors rows=1498695 seed=0 6m_rho=0.385979 improvement=358.22%
22:08:08 INFO     valueinvestor.scorer_improver.ml_trainer — ML sample candidate target=target_rank_weighted_901 lambda=0.1 backend=mlx model=segment_ridge_recent_1460 features=poly priors=ticker_priors rows=1498695 seed=0 6m_rho=0.389011 improvement=361.82%
22:08:28 INFO     valueinvestor.scorer_improver.ml_trainer — ML sample candidate target=target_rank_weighted_901 lambda=0.1 backend=mlx model=segment_ridge_recent_1825 features=poly priors=ticker_priors rows=1498695 seed=0 6m_rho=0.390051 improvement=363.06%
22:08:48 INFO     valueinvestor.scorer_improver.ml_trainer — ML sample candidate target=target_rank_weighted_901 lambda=0.1 backend=mlx model=segment_ridge_recent_2190 features=poly priors=ticker_priors rows=1498695 seed=0 6m_rho=0.390647 improvement=363.76%
22:09:09 INFO     valueinvestor.scorer_improver.ml_trainer — ML sample candidate target=target_rank_weighted_901 lambda=0.2 backend=mlx model=segment_ridge_recent_730 features=poly priors=ticker_priors rows=1498695 seed=0 6m_rho=0.378766 improvement=349.66%
22:09:29 INFO     valueinvestor.scorer_improver.ml_trainer — ML sample candidate target=target_rank_weighted_901 lambda=0.2 backend=mlx model=segment_ridge_recent_1095 features=poly priors=ticker_priors rows=1498695 seed=0 6m_rho=0.385791 improvement=358.00%
22:09:49 INFO     valueinvestor.scorer_improver.ml_trainer — ML sample candidate target=target_rank_weighted_901 lambda=0.2 backend=mlx model=segment_ridge_recent_1460 features=poly priors=ticker_priors rows=1498695 seed=0 6m_rho=0.388198 improvement=360.86%
22:10:10 INFO     valueinvestor.scorer_improver.ml_trainer — ML sample candidate target=target_rank_weighted_901 lambda=0.2 backend=mlx model=segment_ridge_recent_1825 features=poly priors=ticker_priors rows=1498695 seed=0 6m_rho=0.389269 improvement=362.13%
22:10:30 INFO     valueinvestor.scorer_improver.ml_trainer — ML sample candidate target=target_rank_weighted_901 lambda=0.2 backend=mlx model=segment_ridge_recent_2190 features=poly priors=ticker_priors rows=1498695 seed=0 6m_rho=0.389850 improvement=362.82%
22:10:50 INFO     valueinvestor.scorer_improver.ml_trainer — ML sample candidate target=target_rank_weighted_901 lambda=0.3 backend=mlx model=segment_ridge_recent_730 features=poly priors=ticker_priors rows=1498695 seed=0 6m_rho=0.378309 improvement=349.12%
22:11:10 INFO     valueinvestor.scorer_improver.ml_trainer — ML sample candidate target=target_rank_weighted_901 lambda=0.3 backend=mlx model=segment_ridge_recent_1095 features=poly priors=ticker_priors rows=1498695 seed=0 6m_rho=0.385174 improvement=357.27%
22:11:30 INFO     valueinvestor.scorer_improver.ml_trainer — ML sample candidate target=target_rank_weighted_901 lambda=0.3 backend=mlx model=segment_ridge_recent_1460 features=poly priors=ticker_priors rows=1498695 seed=0 6m_rho=0.387621 improvement=360.17%
22:11:51 INFO     valueinvestor.scorer_improver.ml_trainer — ML sample candidate target=target_rank_weighted_901 lambda=0.3 backend=mlx model=segment_ridge_recent_1825 features=poly priors=ticker_priors rows=1498695 seed=0 6m_rho=0.388701 improvement=361.45%
22:12:11 INFO     valueinvestor.scorer_improver.ml_trainer — ML sample candidate target=target_rank_weighted_901 lambda=0.3 backend=mlx model=segment_ridge_recent_2190 features=poly priors=ticker_priors rows=1498695 seed=0 6m_rho=0.389317 improvement=362.18%
22:12:31 INFO     valueinvestor.scorer_improver.ml_trainer — ML sample candidate target=target_rank_weighted_901 lambda=0.5 backend=mlx model=segment_ridge_recent_730 features=poly priors=ticker_priors rows=1498695 seed=0 6m_rho=0.377509 improvement=348.17%
22:12:52 INFO     valueinvestor.scorer_improver.ml_trainer — ML sample candidate target=target_rank_weighted_901 lambda=0.5 backend=mlx model=segment_ridge_recent_1095 features=poly priors=ticker_priors rows=1498695 seed=0 6m_rho=0.384347 improvement=356.28%
22:13:12 INFO     valueinvestor.scorer_improver.ml_trainer — ML sample candidate target=target_rank_weighted_901 lambda=0.5 backend=mlx model=segment_ridge_recent_1460 features=poly priors=ticker_priors rows=1498695 seed=0 6m_rho=0.386773 improvement=359.16%
22:13:32 INFO     valueinvestor.scorer_improver.ml_trainer — ML sample candidate target=target_rank_weighted_901 lambda=0.5 backend=mlx model=segment_ridge_recent_1825 features=poly priors=ticker_priors rows=1498695 seed=0 6m_rho=0.387837 improvement=360.43%
22:13:52 INFO     valueinvestor.scorer_improver.ml_trainer — ML sample candidate target=target_rank_weighted_901 lambda=0.5 backend=mlx model=segment_ridge_recent_2190 features=poly priors=ticker_priors rows=1498695 seed=0 6m_rho=0.388423 improvement=361.12%
22:14:13 INFO     valueinvestor.scorer_improver.ml_trainer — ML sample candidate target=target_rank_weighted_8515 lambda=0.1 backend=mlx model=segment_ridge_recent_730 features=poly priors=ticker_priors rows=1498695 seed=0 6m_rho=0.379371 improvement=350.38%
22:14:33 INFO     valueinvestor.scorer_improver.ml_trainer — ML sample candidate target=target_rank_weighted_8515 lambda=0.1 backend=mlx model=segment_ridge_recent_1095 features=poly priors=ticker_priors rows=1498695 seed=0 6m_rho=0.385802 improvement=358.01%
22:14:53 INFO     valueinvestor.scorer_improver.ml_trainer — ML sample candidate target=target_rank_weighted_8515 lambda=0.1 backend=mlx model=segment_ridge_recent_1460 features=poly priors=ticker_priors rows=1498695 seed=0 6m_rho=0.388866 improvement=361.65%
22:15:14 INFO     valueinvestor.scorer_improver.ml_trainer — ML sample candidate target=target_rank_weighted_8515 lambda=0.1 backend=mlx model=segment_ridge_recent_1825 features=poly priors=ticker_priors rows=1498695 seed=0 6m_rho=0.389955 improvement=362.94%
22:15:34 INFO     valueinvestor.scorer_improver.ml_trainer — ML sample candidate target=target_rank_weighted_8515 lambda=0.1 backend=mlx model=segment_ridge_recent_2190 features=poly priors=ticker_priors rows=1498695 seed=0 6m_rho=0.390532 improvement=363.63%
22:15:54 INFO     valueinvestor.scorer_improver.ml_trainer — ML sample candidate target=target_rank_weighted_8515 lambda=0.2 backend=mlx model=segment_ridge_recent_730 features=poly priors=ticker_priors rows=1498695 seed=0 6m_rho=0.378734 improvement=349.62%
22:16:15 INFO     valueinvestor.scorer_improver.ml_trainer — ML sample candidate target=target_rank_weighted_8515 lambda=0.2 backend=mlx model=segment_ridge_recent_1095 features=poly priors=ticker_priors rows=1498695 seed=0 6m_rho=0.385644 improvement=357.82%
22:16:35 INFO     valueinvestor.scorer_improver.ml_trainer — ML sample candidate target=target_rank_weighted_8515 lambda=0.2 backend=mlx model=segment_ridge_recent_1460 features=poly priors=ticker_priors rows=1498695 seed=0 6m_rho=0.388093 improvement=360.73%
22:16:55 INFO     valueinvestor.scorer_improver.ml_trainer — ML sample candidate target=target_rank_weighted_8515 lambda=0.2 backend=mlx model=segment_ridge_recent_1825 features=poly priors=ticker_priors rows=1498695 seed=0 6m_rho=0.389186 improvement=362.03%
22:17:15 INFO     valueinvestor.scorer_improver.ml_trainer — ML sample candidate target=target_rank_weighted_8515 lambda=0.2 backend=mlx model=segment_ridge_recent_2190 features=poly priors=ticker_priors rows=1498695 seed=0 6m_rho=0.389746 improvement=362.69%
22:17:36 INFO     valueinvestor.scorer_improver.ml_trainer — ML sample candidate target=target_rank_weighted_8515 lambda=0.3 backend=mlx model=segment_ridge_recent_730 features=poly priors=ticker_priors rows=1498695 seed=0 6m_rho=0.378257 improvement=349.05%
22:17:56 INFO     valueinvestor.scorer_improver.ml_trainer — ML sample candidate target=target_rank_weighted_8515 lambda=0.3 backend=mlx model=segment_ridge_recent_1095 features=poly priors=ticker_priors rows=1498695 seed=0 6m_rho=0.385076 improvement=357.15%
22:18:16 INFO     valueinvestor.scorer_improver.ml_trainer — ML sample candidate target=target_rank_weighted_8515 lambda=0.3 backend=mlx model=segment_ridge_recent_1460 features=poly priors=ticker_priors rows=1498695 seed=0 6m_rho=0.387548 improvement=360.08%
22:18:37 INFO     valueinvestor.scorer_improver.ml_trainer — ML sample candidate target=target_rank_weighted_8515 lambda=0.3 backend=mlx model=segment_ridge_recent_1825 features=poly priors=ticker_priors rows=1498695 seed=0 6m_rho=0.388595 improvement=361.33%
22:18:57 INFO     valueinvestor.scorer_improver.ml_trainer — ML sample candidate target=target_rank_weighted_8515 lambda=0.3 backend=mlx model=segment_ridge_recent_2190 features=poly priors=ticker_priors rows=1498695 seed=0 6m_rho=0.389180 improvement=362.02%
22:19:17 INFO     valueinvestor.scorer_improver.ml_trainer — ML sample candidate target=target_rank_weighted_8515 lambda=0.5 backend=mlx model=segment_ridge_recent_730 features=poly priors=ticker_priors rows=1498695 seed=0 6m_rho=0.377402 improvement=348.04%
22:19:38 INFO     valueinvestor.scorer_improver.ml_trainer — ML sample candidate target=target_rank_weighted_8515 lambda=0.5 backend=mlx model=segment_ridge_recent_1095 features=poly priors=ticker_priors rows=1498695 seed=0 6m_rho=0.384228 improvement=356.14%
22:19:58 INFO     valueinvestor.scorer_improver.ml_trainer — ML sample candidate target=target_rank_weighted_8515 lambda=0.5 backend=mlx model=segment_ridge_recent_1460 features=poly priors=ticker_priors rows=1498695 seed=0 6m_rho=0.386670 improvement=359.04%
22:20:18 INFO     valueinvestor.scorer_improver.ml_trainer — ML sample candidate target=target_rank_weighted_8515 lambda=0.5 backend=mlx model=segment_ridge_recent_1825 features=poly priors=ticker_priors rows=1498695 seed=0 6m_rho=0.387732 improvement=360.30%
22:20:38 INFO     valueinvestor.scorer_improver.ml_trainer — ML sample candidate target=target_rank_weighted_8515 lambda=0.5 backend=mlx model=segment_ridge_recent_2190 features=poly priors=ticker_priors rows=1498695 seed=0 6m_rho=0.388279 improvement=360.95%
22:20:40 INFO     valueinvestor.scorer_improver.ml_trainer — ML sample gate-probe target=target_rank_weighted_901 lambda=0.1 backend=mlx model=segment_ridge_recent_2190 features=poly priors=ticker_priors rows=119652 seed=0 sample_6m_rho=0.390647 gate_probe_6m_rho=0.080580
22:20:41 INFO     valueinvestor.scorer_improver.ml_trainer — ML sample gate-probe target=target_rank_weighted_8515 lambda=0.1 backend=mlx model=segment_ridge_recent_2190 features=poly priors=ticker_priors rows=119652 seed=0 sample_6m_rho=0.390532 gate_probe_6m_rho=0.080808
22:20:41 INFO     valueinvestor.scorer_improver.ml_trainer — ML sample gate-probe target=target_rank_weighted_901 lambda=0.1 backend=mlx model=segment_ridge_recent_1825 features=poly priors=ticker_priors rows=119652 seed=0 sample_6m_rho=0.390051 gate_probe_6m_rho=0.080647
22:20:42 INFO     valueinvestor.scorer_improver.ml_trainer — ML sample gate-probe target=target_rank_weighted_8515 lambda=0.1 backend=mlx model=segment_ridge_recent_1825 features=poly priors=ticker_priors rows=119652 seed=0 sample_6m_rho=0.389955 gate_probe_6m_rho=0.081164
22:20:43 INFO     valueinvestor.scorer_improver.ml_trainer — ML sample gate-probe target=target_rank_weighted_901 lambda=0.2 backend=mlx model=segment_ridge_recent_2190 features=poly priors=ticker_priors rows=119652 seed=0 sample_6m_rho=0.389850 gate_probe_6m_rho=0.080950
22:20:44 INFO     valueinvestor.scorer_improver.ml_trainer — ML sample gate-probe target=target_rank_weighted_8515 lambda=0.2 backend=mlx model=segment_ridge_recent_2190 features=poly priors=ticker_priors rows=119652 seed=0 sample_6m_rho=0.389746 gate_probe_6m_rho=0.081476
22:20:45 INFO     valueinvestor.scorer_improver.ml_trainer — ML sample gate-probe target=target_rank_weighted_901 lambda=0.3 backend=mlx model=segment_ridge_recent_2190 features=poly priors=ticker_priors rows=119652 seed=0 sample_6m_rho=0.389317 gate_probe_6m_rho=0.081388
22:20:46 INFO     valueinvestor.scorer_improver.ml_trainer — ML sample gate-probe target=target_rank_weighted_901 lambda=0.2 backend=mlx model=segment_ridge_recent_1825 features=poly priors=ticker_priors rows=119652 seed=0 sample_6m_rho=0.389269 gate_probe_6m_rho=0.081146
22:20:47 INFO     valueinvestor.scorer_improver.ml_trainer — ML sample gate-probe target=target_rank_weighted_8515 lambda=0.2 backend=mlx model=segment_ridge_recent_1825 features=poly priors=ticker_priors rows=119652 seed=0 sample_6m_rho=0.389186 gate_probe_6m_rho=0.081569
22:20:48 INFO     valueinvestor.scorer_improver.ml_trainer — ML sample gate-probe target=target_rank_weighted_8515 lambda=0.3 backend=mlx model=segment_ridge_recent_2190 features=poly priors=ticker_priors rows=119652 seed=0 sample_6m_rho=0.389180 gate_probe_6m_rho=0.081686
22:20:49 INFO     valueinvestor.scorer_improver.ml_trainer — ML sample gate-probe target=target_rank_weighted_901 lambda=0.1 backend=mlx model=segment_ridge_recent_1460 features=poly priors=ticker_priors rows=119652 seed=0 sample_6m_rho=0.389011 gate_probe_6m_rho=0.080992
22:20:50 INFO     valueinvestor.scorer_improver.ml_trainer — ML sample gate-probe target=target_rank_weighted_8515 lambda=0.1 backend=mlx model=segment_ridge_recent_1460 features=poly priors=ticker_priors rows=119652 seed=0 sample_6m_rho=0.388866 gate_probe_6m_rho=0.081423
22:20:51 INFO     valueinvestor.scorer_improver.ml_trainer — ML sample gate-probe target=target_rank_weighted_901 lambda=0.3 backend=mlx model=segment_ridge_recent_1825 features=poly priors=ticker_priors rows=119652 seed=0 sample_6m_rho=0.388701 gate_probe_6m_rho=0.081579
22:20:52 INFO     valueinvestor.scorer_improver.ml_trainer — ML sample gate-probe target=target_rank_weighted_8515 lambda=0.3 backend=mlx model=segment_ridge_recent_1825 features=poly priors=ticker_priors rows=119652 seed=0 sample_6m_rho=0.388595 gate_probe_6m_rho=0.081971
22:20:53 INFO     valueinvestor.scorer_improver.ml_trainer — ML sample gate-probe target=target_rank_weighted_901 lambda=0.5 backend=mlx model=segment_ridge_recent_2190 features=poly priors=ticker_priors rows=119652 seed=0 sample_6m_rho=0.388423 gate_probe_6m_rho=0.081784
22:20:54 INFO     valueinvestor.scorer_improver.ml_trainer — ML sample gate-probe target=target_rank_weighted_8515 lambda=0.5 backend=mlx model=segment_ridge_recent_2190 features=poly priors=ticker_priors rows=119652 seed=0 sample_6m_rho=0.388279 gate_probe_6m_rho=0.082252
22:20:55 INFO     valueinvestor.scorer_improver.ml_trainer — ML sample gate-probe target=target_rank_weighted_901 lambda=0.2 backend=mlx model=segment_ridge_recent_1460 features=poly priors=ticker_priors rows=119652 seed=0 sample_6m_rho=0.388198 gate_probe_6m_rho=0.081325
22:20:56 INFO     valueinvestor.scorer_improver.ml_trainer — ML sample gate-probe target=target_rank_weighted_8515 lambda=0.2 backend=mlx model=segment_ridge_recent_1460 features=poly priors=ticker_priors rows=119652 seed=0 sample_6m_rho=0.388093 gate_probe_6m_rho=0.081790
22:20:57 INFO     valueinvestor.scorer_improver.ml_trainer — ML sample gate-probe target=target_rank_weighted_901 lambda=0.5 backend=mlx model=segment_ridge_recent_1825 features=poly priors=ticker_priors rows=119652 seed=0 sample_6m_rho=0.387837 gate_probe_6m_rho=0.081990
22:20:57 INFO     valueinvestor.scorer_improver.ml_trainer — ML sample gate-probe target=target_rank_weighted_8515 lambda=0.5 backend=mlx model=segment_ridge_recent_1825 features=poly priors=ticker_priors rows=119652 seed=0 sample_6m_rho=0.387732 gate_probe_6m_rho=0.082380
22:20:58 INFO     valueinvestor.scorer_improver.ml_trainer — ML sample gate-probe target=target_rank_weighted_901 lambda=0.3 backend=mlx model=segment_ridge_recent_1460 features=poly priors=ticker_priors rows=119652 seed=0 sample_6m_rho=0.387621 gate_probe_6m_rho=0.081549
22:20:59 INFO     valueinvestor.scorer_improver.ml_trainer — ML sample gate-probe target=target_rank_weighted_8515 lambda=0.3 backend=mlx model=segment_ridge_recent_1460 features=poly priors=ticker_priors rows=119652 seed=0 sample_6m_rho=0.387548 gate_probe_6m_rho=0.081968
22:21:00 INFO     valueinvestor.scorer_improver.ml_trainer — ML sample gate-probe target=target_rank_weighted_901 lambda=0.5 backend=mlx model=segment_ridge_recent_1460 features=poly priors=ticker_priors rows=119652 seed=0 sample_6m_rho=0.386773 gate_probe_6m_rho=0.081916
22:21:01 INFO     valueinvestor.scorer_improver.ml_trainer — ML sample gate-probe target=target_rank_weighted_8515 lambda=0.5 backend=mlx model=segment_ridge_recent_1460 features=poly priors=ticker_priors rows=119652 seed=0 sample_6m_rho=0.386670 gate_probe_6m_rho=0.082494
22:21:02 INFO     valueinvestor.scorer_improver.ml_trainer — ML sample gate-probe target=target_rank_weighted_901 lambda=0.1 backend=mlx model=segment_ridge_recent_1095 features=poly priors=ticker_priors rows=119652 seed=0 sample_6m_rho=0.385979 gate_probe_6m_rho=0.081656
22:21:03 INFO     valueinvestor.scorer_improver.ml_trainer — ML sample gate-probe target=target_rank_weighted_8515 lambda=0.1 backend=mlx model=segment_ridge_recent_1095 features=poly priors=ticker_priors rows=119652 seed=0 sample_6m_rho=0.385802 gate_probe_6m_rho=0.082207
22:21:04 INFO     valueinvestor.scorer_improver.ml_trainer — ML sample gate-probe target=target_rank_weighted_901 lambda=0.2 backend=mlx model=segment_ridge_recent_1095 features=poly priors=ticker_priors rows=119652 seed=0 sample_6m_rho=0.385791 gate_probe_6m_rho=0.082058
22:21:05 INFO     valueinvestor.scorer_improver.ml_trainer — ML sample gate-probe target=target_rank_weighted_8515 lambda=0.2 backend=mlx model=segment_ridge_recent_1095 features=poly priors=ticker_priors rows=119652 seed=0 sample_6m_rho=0.385644 gate_probe_6m_rho=0.082262
22:21:06 INFO     valueinvestor.scorer_improver.ml_trainer — ML sample gate-probe target=target_rank_weighted_901 lambda=0.3 backend=mlx model=segment_ridge_recent_1095 features=poly priors=ticker_priors rows=119652 seed=0 sample_6m_rho=0.385174 gate_probe_6m_rho=0.082386
22:21:07 INFO     valueinvestor.scorer_improver.ml_trainer — ML sample gate-probe target=target_rank_weighted_8515 lambda=0.3 backend=mlx model=segment_ridge_recent_1095 features=poly priors=ticker_priors rows=119652 seed=0 sample_6m_rho=0.385076 gate_probe_6m_rho=0.082587
22:21:08 INFO     valueinvestor.scorer_improver.ml_trainer — ML sample gate-probe target=target_rank_weighted_901 lambda=0.5 backend=mlx model=segment_ridge_recent_1095 features=poly priors=ticker_priors rows=119652 seed=0 sample_6m_rho=0.384347 gate_probe_6m_rho=0.082544
22:21:09 INFO     valueinvestor.scorer_improver.ml_trainer — ML sample gate-probe target=target_rank_weighted_8515 lambda=0.5 backend=mlx model=segment_ridge_recent_1095 features=poly priors=ticker_priors rows=119652 seed=0 sample_6m_rho=0.384228 gate_probe_6m_rho=0.082823
22:21:10 INFO     valueinvestor.scorer_improver.ml_trainer — ML sample gate-probe target=target_rank_weighted_901 lambda=0.1 backend=mlx model=segment_ridge_recent_730 features=poly priors=ticker_priors rows=119652 seed=0 sample_6m_rho=0.379431 gate_probe_6m_rho=0.082200
22:21:11 INFO     valueinvestor.scorer_improver.ml_trainer — ML sample gate-probe target=target_rank_weighted_8515 lambda=0.1 backend=mlx model=segment_ridge_recent_730 features=poly priors=ticker_priors rows=119652 seed=0 sample_6m_rho=0.379371 gate_probe_6m_rho=0.082687
22:21:12 INFO     valueinvestor.scorer_improver.ml_trainer — ML sample gate-probe target=target_rank_weighted_901 lambda=0.2 backend=mlx model=segment_ridge_recent_730 features=poly priors=ticker_priors rows=119652 seed=0 sample_6m_rho=0.378766 gate_probe_6m_rho=0.082441
22:21:12 INFO     valueinvestor.scorer_improver.ml_trainer — ML sample gate-probe target=target_rank_weighted_8515 lambda=0.2 backend=mlx model=segment_ridge_recent_730 features=poly priors=ticker_priors rows=119652 seed=0 sample_6m_rho=0.378734 gate_probe_6m_rho=0.082891
22:21:13 INFO     valueinvestor.scorer_improver.ml_trainer — ML sample gate-probe target=target_rank_weighted_901 lambda=0.3 backend=mlx model=segment_ridge_recent_730 features=poly priors=ticker_priors rows=119652 seed=0 sample_6m_rho=0.378309 gate_probe_6m_rho=0.082593
22:21:14 INFO     valueinvestor.scorer_improver.ml_trainer — ML sample gate-probe target=target_rank_weighted_8515 lambda=0.3 backend=mlx model=segment_ridge_recent_730 features=poly priors=ticker_priors rows=119652 seed=0 sample_6m_rho=0.378257 gate_probe_6m_rho=0.083007
22:21:15 INFO     valueinvestor.scorer_improver.ml_trainer — ML sample gate-probe target=target_rank_weighted_901 lambda=0.5 backend=mlx model=segment_ridge_recent_730 features=poly priors=ticker_priors rows=119652 seed=0 sample_6m_rho=0.377509 gate_probe_6m_rho=0.082724
22:21:16 INFO     valueinvestor.scorer_improver.ml_trainer — ML sample gate-probe target=target_rank_weighted_8515 lambda=0.5 backend=mlx model=segment_ridge_recent_730 features=poly priors=ticker_priors rows=119652 seed=0 sample_6m_rho=0.377402 gate_probe_6m_rho=0.083094
22:21:16 INFO     valueinvestor.scorer_improver.ml_trainer — ML sample gate-probe target=6m scored=40 candidates rows=119652 candidate_limit=96
22:21:16 INFO     valueinvestor.scorer_improver.ml_trainer — ML walk-forward shortlist target=6m selected=2 sample_candidates=40 floor_candidates=40 full_eval_limit=2
22:22:11 INFO     valueinvestor.scorer_improver.ml_trainer — ML full-eval refit target=target_rank_weighted_8515 lambda=0.5 backend=mlx model=segment_ridge_recent_730 features=poly priors=ticker_priors rows=3000000
22:22:53 INFO     valueinvestor.scorer_improver.ml_trainer — ML full-eval target=target_rank_weighted_8515 lambda=0.5 backend=mlx model=segment_ridge_recent_730 features=poly priors=ticker_priors 6m_rho=0.373666 improvement=349.11%
22:23:45 INFO     valueinvestor.scorer_improver.ml_trainer — ML full-eval refit target=target_rank_weighted_8515 lambda=0.5 backend=mlx model=segment_ridge_recent_1095 features=poly priors=ticker_priors rows=3000000
22:24:27 INFO     valueinvestor.scorer_improver.ml_trainer — ML full-eval target=target_rank_weighted_8515 lambda=0.5 backend=mlx model=segment_ridge_recent_1095 features=poly priors=ticker_priors 6m_rho=0.380468 improvement=357.29%
22:24:42 INFO     valueinvestor.scorer_improver.ml_trainer — ML full-eval ensemble members=target_rank_weighted_8515/lambda=0.5/rows=1498695/seed=0/priors=ticker_priors/model=segment_ridge_recent_1095/features=poly*0.85 | target_rank_weighted_8515/lambda=0.5/rows=1498695/seed=0/priors=ticker_priors/model=segment_ridge_recent_730/features=poly*0.15 6m_rho=0.379617 improvement=356.26%
22:24:56 INFO     valueinvestor.scorer_improver.ml_trainer — ML full-eval ensemble members=target_rank_weighted_8515/lambda=0.5/rows=1498695/seed=0/priors=ticker_priors/model=segment_ridge_recent_1095/features=poly*0.75 | target_rank_weighted_8515/lambda=0.5/rows=1498695/seed=0/priors=ticker_priors/model=segment_ridge_recent_730/features=poly*0.25 6m_rho=0.379015 improvement=355.54%
22:25:11 INFO     valueinvestor.scorer_improver.ml_trainer — ML full-eval ensemble members=target_rank_weighted_8515/lambda=0.5/rows=1498695/seed=0/priors=ticker_priors/model=segment_ridge_recent_1095/features=poly*0.65 | target_rank_weighted_8515/lambda=0.5/rows=1498695/seed=0/priors=ticker_priors/model=segment_ridge_recent_730/features=poly*0.35 6m_rho=0.378388 improvement=354.79%
22:25:11 INFO     valueinvestor.scorer_improver.ml_trainer — ML full-eval temporal anchor train_member=target_rank_weighted_8515/lambda=0.5/rows=1498695/seed=0/priors=ticker_priors/model=segment_ridge_recent_1095/features=poly anchor=data/trainer/ml_ranker_model.backup-1778049443.json anchor_gate_6m_rho=0.179929 transition=2023-07-07 6m_rho=0.380468 improvement=357.29%
22:25:11 INFO     valueinvestor.scorer_improver.ml_trainer — ML full-eval temporal anchor train_member=ensemble/lambda=0/rows=2997390/seed=0/priors=ticker_priors/model=ensemble/features=poly anchor=data/trainer/ml_ranker_model.backup-1778049443.json anchor_gate_6m_rho=0.179929 transition=2023-07-07 6m_rho=0.379617 improvement=356.26%
22:25:11 INFO     valueinvestor.scorer_improver.ml_trainer — ML full-eval temporal anchor train_member=ensemble/lambda=0/rows=2997390/seed=0/priors=ticker_priors/model=ensemble/features=poly anchor=data/trainer/ml_ranker_model.backup-1778049443.json anchor_gate_6m_rho=0.179929 transition=2023-07-07 6m_rho=0.379015 improvement=355.54%
22:25:11 INFO     valueinvestor.scorer_improver.ml_trainer — ML full-eval temporal anchor train_member=ensemble/lambda=0/rows=2997390/seed=0/priors=ticker_priors/model=ensemble/features=poly anchor=data/trainer/ml_ranker_model.backup-1778049443.json anchor_gate_6m_rho=0.179929 transition=2023-07-07 6m_rho=0.378388 improvement=354.79%
22:25:11 INFO     valueinvestor.scorer_improver.ml_trainer — ML promotion-gate shortlist target=6m selected=2 full_eval_candidates=9
22:25:11 INFO     valueinvestor.scorer_improver.ml_trainer — ML promotion-gate using cached incumbent gate metrics target=6m gate_6m_rho=0.095463 snapshots=507
22:25:57 INFO     valueinvestor.scorer_improver.ml_trainer — ML promotion-gate computing incumbent gate predictions lazily
22:33:01 INFO     valueinvestor.scorer_improver.ml_trainer — ML promotion-gate attempt=1 target=temporal_anchor lambda=0 backend=temporal_payload_blend model=temporal_payload_blend features=temporal blend=1 market_blend=none recent_start=none recent_market=none recent_segment=none priors=temporal train_6m_rho=0.380468 anchor=none gate_6m_rho=0.179929 delta=+0.084466 utility=+0.059310 accepted=True reason=accepted
22:33:01 INFO     valueinvestor.scorer_improver.ml_trainer — Saved ML ranker model -> data/trainer/ml_ranker_model.json (selected gate attempt 1)
✓ ML scorer trained with backend: temporal_payload_blend
  snapshots: data/trainer/ml_training_daily_snapshots.parquet
  model:     data/trainer/ml_ranker_model.json
  gate:      accepted (Δ6m=+0.084466, utility=+0.059310)
  ρ 1w:    0.048682
  ρ 1m:    0.101014
  ρ 3m:    0.157626
  ρ 6m:    0.179929
[2026-06-06T22:33:03+0800] run=1 exit=0
{'train_rho_6m': 0.3804684791491019, 'gate_rho_6m': 0.1799289692391717, 'cached_metrics_safe': True, 'goal_train_rho': '0.37393298886736176', 'goal_gate_rho': '0.11455549226273046', 'goal_met': True}
[2026-06-06T22:33:05+0800] goal thresholds met after run=1

[2026-06-06T22:33:05+0800] finished 10-round 6m ML scorer training loop
current_best_after=
{'backend': 'temporal_payload_blend', 'model_kind': 'temporal_payload_blend', 'feature_set': 'temporal', 'target': 'temporal_anchor', 'prior_strategy': 'temporal', 'cached_metrics_safe': True, 'train_rho_1w': 0.09520075262100242, 'train_rho_1m': 0.2086671993694627, 'train_rho_3m': 0.335110147626424, 'train_rho_6m': 0.3804684791491019, 'gate_rho_6m': 0.1799289692391717}
